// Vitest Snapshot v1

exports[`Hide and Show Component > Hide and show component snapshot test 1`] = `undefined`;
